------------------------------------------------------------
Timing Analyzer Summary
------------------------------------------------------------

Type  : Slow 1100mV 85C Model Setup 'clk'
Slack : 7.573
TNS   : 0.000

Type  : Slow 1100mV 85C Model Hold 'clk'
Slack : 0.428
TNS   : 0.000

Type  : Slow 1100mV 85C Model Minimum Pulse Width 'clk'
Slack : 4.225
TNS   : 0.000

Type  : Slow 1100mV 0C Model Setup 'clk'
Slack : 7.466
TNS   : 0.000

Type  : Slow 1100mV 0C Model Hold 'clk'
Slack : 0.410
TNS   : 0.000

Type  : Slow 1100mV 0C Model Minimum Pulse Width 'clk'
Slack : 4.089
TNS   : 0.000

Type  : Fast 1100mV 85C Model Setup 'clk'
Slack : 8.481
TNS   : 0.000

Type  : Fast 1100mV 85C Model Hold 'clk'
Slack : 0.181
TNS   : 0.000

Type  : Fast 1100mV 85C Model Minimum Pulse Width 'clk'
Slack : 4.417
TNS   : 0.000

Type  : Fast 1100mV 0C Model Setup 'clk'
Slack : 8.513
TNS   : 0.000

Type  : Fast 1100mV 0C Model Hold 'clk'
Slack : 0.170
TNS   : 0.000

Type  : Fast 1100mV 0C Model Minimum Pulse Width 'clk'
Slack : 4.417
TNS   : 0.000

------------------------------------------------------------
